'C1z.Codec.escape_injective' depends on axioms: [propext, Classical.choice, Quot.sound]
'C1z.Codec.encodeTuple_injective' depends on axioms: [propext, Classical.choice, Quot.sound]
'C1z.Codec.isPrefix_of_scanPrefix_isPrefix' depends on axioms: [propext, Classical.choice, Quot.sound]
'C1z.Codec.encodeKey_injective' depends on axioms: [propext, Classical.choice, Quot.sound]
'C1z.Codec.encodeScanPrefix_isPrefix_iff' depends on axioms: [propext, Classical.choice, Quot.sound]
'C1z.lexLt.trans' depends on axioms: [propext, Quot.sound]
'C1z.lexLt.total' depends on axioms: [propext, Quot.sound]
'C1z.lexLt.lt_of_prefix_of_lt_length' depends on axioms: [propext, Quot.sound]
'C1z.expandEnt_compressEnt' depends on axioms: [propext, Quot.sound]
'C1z.compressEnt_stripped_iff' depends on axioms: [propext, Quot.sound]
'C1z.ResourceTypeId.key_injective' depends on axioms: [propext, Classical.choice, Quot.sound]
'C1z.ResourceId.key_injective' depends on axioms: [propext, Classical.choice, Quot.sound]
'C1z.EntitlementId.key_injective' depends on axioms: [propext, Classical.choice, Quot.sound]
'C1z.GrantId.key_injective' depends on axioms: [propext, Classical.choice, Quot.sound]
'C1z.key_kind_disjoint' depends on axioms: [propext]
'C1z.ResourceId.key_ne_of_rt_ne' depends on axioms: [propext, Classical.choice, Quot.sound]
'C1z.GrantId.key_under_entitlement_prefix' depends on axioms: [propext, Classical.choice, Quot.sound]
'C1z.GrantId.ent_eq_of_key_under_prefix' depends on axioms: [propext, Classical.choice, Quot.sound]
'C1z.GrantRecord.key_eq_iff' depends on axioms: [propext, Classical.choice, Quot.sound]
'C1z.publicId_not_injective' does not depend on any axioms
'C1z.Store.get_put_self' depends on axioms: [propext, Classical.choice, Quot.sound]
'C1z.Store.get_put_of_ne' depends on axioms: [propext, Quot.sound]
'C1z.Store.put_put_last' depends on axioms: [propext, Quot.sound]
'C1z.Store.get_erase_self' depends on axioms: [propext, Quot.sound]
'C1z.Store.get_putBatch' depends on axioms: [propext, Classical.choice, Quot.sound]
'C1z.Store.putBatch_dedupLast' depends on axioms: [propext, Classical.choice, Quot.sound]
'C1z.Store.keys_nodup' depends on axioms: [propext, Quot.sound]
'C1z.Store.mem_keys_iff' depends on axioms: [propext, Quot.sound]
'C1z.Store.ext_of_get_eq' depends on axioms: [propext, Classical.choice, Quot.sound]
'C1z.Paginate.clampPageSize_pos' depends on axioms: [propext, Quot.sound]
'C1z.Paginate.clampPageSize_le' depends on axioms: [propext, Quot.sound]
'C1z.Paginate.page_items_mem' depends on axioms: [propext]
'C1z.Paginate.page_next_isSome_imp_full' depends on axioms: [propext, Classical.choice, Quot.sound]
'C1z.Paginate.page_next_isSome_imp_nonempty' depends on axioms: [propext, Classical.choice, Quot.sound]
'C1z.Paginate.page_next_none_imp_exhausted' depends on axioms: [propext, Classical.choice, Quot.sound]
'C1z.Paginate.checkCursor_invalid_of_not_prefix' depends on axioms: [propext, Quot.sound]
'C1z.Paginate.checkCursor_ok_of_page' depends on axioms: [propext, Classical.choice, Quot.sound]
'C1z.Paginate.traverse_complete' depends on axioms: [propext, Classical.choice, Quot.sound]
'C1z.Paginate.traverse_flatten_eq_of_pos' depends on axioms: [propext, Classical.choice, Quot.sound]
'C1z.Paginate.traverse_terminates' does not depend on any axioms
'C1z.Sync.writeGate_opened' does not depend on any axioms
'C1z.Sync.writeGate_endSync' depends on axioms: [propext]
'C1z.Sync.writeGate_engineSealed_iff' depends on axioms: [propext]
'C1z.Sync.finished_endSync' depends on axioms: [propext]
'C1z.Sync.writeGate_resumeSync_finished' does not depend on any axioms
'C1z.Sync.resumeSync_notFound' depends on axioms: [propext]
'C1z.Sync.hasRecords_startNewSync' does not depend on any axioms
'C1z.Sync.startNewSync_refused_of_fresh' depends on axioms: [propext]
'C1z.Sync.startNewSync_startNewSync' does not depend on any axioms
'C1z.Sync.startNewSync_endSync' depends on axioms: [propext]
'C1z.Sync.startNewSync_resumeSync' does not depend on any axioms
'C1z.Sync.latestFinished_none_of_unfinished' depends on axioms: [propext]
'C1z.Sync.latestFinished_type' depends on axioms: [propext]
'C1z.Sync.latestFinished_spec' depends on axioms: [propext]
'C1z.Sync.resolveActiveSync_source' depends on axioms: [propext]
'C1z.Sync.resolveActiveSync_none_of_stale' depends on axioms: [propext]
'C1z.Sync.resolveActiveSync_annotation' does not depend on any axioms
'C1z.Result.complete_iff' depends on axioms: [propext]
'C1z.Result.not_complete_failed' depends on axioms: [propext]
'C1z.Result.not_complete_abandoned' depends on axioms: [propext]
'C1z.Result.streamEnd_failed_of_error' depends on axioms: [propext]
'C1z.Result.streamEnd_exhausted_of_no_error' depends on axioms: [propext]
'C1z.Result.resolveBare_found_iff' depends on axioms: [propext]
'C1z.Result.resolveBare_ambiguous_iff' depends on axioms: [propext]
'C1z.Result.resolveBare_found_imp_unique' depends on axioms: [propext]
'C1z.GrantStore.keyed_putGrants' depends on axioms: [propext, Quot.sound]
'C1z.GrantStore.keyed_deleteGrant' depends on axioms: [propext, Quot.sound]
'C1z.GrantStore.getGrant_putGrants_collapse' depends on axioms: [propext, Classical.choice, Quot.sound]
'C1z.GrantStore.getGrant_putGrants_distinct' depends on axioms: [propext, Classical.choice, Quot.sound]
'C1z.GrantStore.getGrant_deleteGrant_of_ne' depends on axioms: [propext, Classical.choice, Quot.sound]
'C1z.GrantStore.grantsForEntitlement_eq_filter' depends on axioms: [propext, Classical.choice, Quot.sound]
'C1z.GrantStore.ent_eq_of_mem_grantsForEntitlement' depends on axioms: [propext, Classical.choice, Quot.sound]
'C1z.GrantStore.mem_grantsForEntitlement_of_get' depends on axioms: [propext, Classical.choice, Quot.sound]
'C1z.GrantStore.grantsForEntitlement_disjoint' depends on axioms: [propext, Classical.choice, Quot.sound]
'C1z.GrantStore.mem_grantsForEntitlementByPrincipalType' depends on axioms: [propext, Quot.sound]
'C1z.GrantStore.mem_allGrants_iff' depends on axioms: [propext, Classical.choice, Quot.sound]
'C1z.EntitlementStore.getEntitlement_putEntitlements_distinct_rid' depends on axioms: [propext, Classical.choice, Quot.sound]
'C1z.EntitlementStore.getEntitlement_putEntitlements_last' depends on axioms: [propext, Classical.choice, Quot.sound]
'C1z.IndexedGrants.grantsForPrincipal_subset' depends on axioms: [propext, Quot.sound]
'C1z.IndexedGrants.grantsForPrincipal_eq_of_complete' depends on axioms: [propext, Quot.sound]
'C1z.IndexedGrants.complete_endSyncRebuild' depends on axioms: [propext, Quot.sound]
'C1z.IndexedGrants.grantsForPrincipal_endSyncRebuild' depends on axioms: [propext, Quot.sound]
'C1z.IndexedGrants.complete_putGrants' depends on axioms: [propext, Quot.sound]
'C1z.IndexedGrants.complete_deleteGrant' depends on axioms: [propext, Quot.sound]
'C1z.IndexedGrants.grantsForPrincipal_deferred_incomplete' depends on axioms: [propext, Quot.sound]
'C1z.IndexedGrants.entries_putGrantsDeferred' depends on axioms: [propext, Quot.sound]
'C1z.IndexedGrants.not_complete_putGrantsDeferred_of_new' depends on axioms: [propext, Classical.choice, Quot.sound]
'C1z.IndexedGrants.complete_putGrantsDeferred_of_mem' depends on axioms: [propext, Quot.sound]
'C1z.GrantLookup.found_mem' depends on axioms: [propext, Quot.sound]
'C1z.GrantLookup.found_matches' depends on axioms: [propext, Quot.sound]
'C1z.GrantLookup.resolve_eq_resolveBare_scan' depends on axioms: [propext, Quot.sound]
'C1z.GrantLookup.ambiguous_of_two_scan' depends on axioms: [propext, Quot.sound]
'C1z.GrantLookup.masking' depends on axioms: [propext, Quot.sound]
'C1z.GrantLookup.opaque_unreachable' depends on axioms: [propext, Quot.sound]
'C1z.GrantLookup.custom_ext_hides_public' depends on axioms: [propext, Quot.sound]
'C1z.GrantLookup.empty_query' depends on axioms: [propext, Quot.sound]
'C1z.GrantLookup.found_of_unique_candidate' depends on axioms: [propext, Quot.sound]
'C1z.GrantLookup.found_of_unique_publicId' depends on axioms: [propext, Quot.sound]
'C1z.IndexedGrants.mem_grantsForPrincipalType' depends on axioms: [propext, Quot.sound]
'C1z.Sync.writeGate_reopen' does not depend on any axioms
'C1z.Sync.resolveActiveSync_reopen_finished' depends on axioms: [propext]
'C1z.Sync.resolveActiveSync_reopen_unfinished' depends on axioms: [propext]
'C1z.Sync.writeGate_resumeSync_reopen' depends on axioms: [propext]
'C1z.Sync.startNewSync_reopen' does not depend on any axioms
'C1z.Stream.run_error_terminal' depends on axioms: [propext, Quot.sound]
'C1z.Stream.run_at_most_one_error' depends on axioms: [propext, Classical.choice, Quot.sound]
'C1z.Stream.run_eq_filter' depends on axioms: [propext]
'C1z.Stream.records_run_prefix' depends on axioms: [propext]
'C1z.Stream.run_cancelled_empty' depends on axioms: [propext]
'C1z.Stream.run_cancelled_nonempty' depends on axioms: [propext]
'C1z.Stream.run_break' depends on axioms: [propext, Classical.choice, Quot.sound]
'C1z.Stream.streamEnd_run_patient' depends on axioms: [propext, Quot.sound]
'C1z.Stream.streamEnd_run_cancelled' depends on axioms: [propext]
'C1z.Stream.run_break_eq_patient_at_end' depends on axioms: [propext, Classical.choice, Quot.sound]
'C1z.Digest.fold_append' depends on axioms: [propext, Quot.sound]
'C1z.Digest.fold_perm' depends on axioms: [propext, Quot.sound]
'C1z.Digest.canonical_ignores_excluded' does not depend on any axioms
'C1z.Digest.fold_not_injective' depends on axioms: [propext]
'C1z.Digest.chooseWidth_le' depends on axioms: [propext, Quot.sound]
'C1z.Digest.chooseWidth_spec' depends on axioms: [propext]
'C1z.Digest.partitionRoot_count' depends on axioms: [propext, Quot.sound]
'C1z.Digest.globalRoot_eq_combine' depends on axioms: [propext, Classical.choice, Quot.sound]
'C1z.Digest.partitionRoot_putGrants_externalId' depends on axioms: [propext, Quot.sound]
'C1z.Digest.build_accurate' depends on axioms: [propext, Quot.sound]
'C1z.Digest.lookup_invalidate_self' depends on axioms: [propext, Quot.sound]
'C1z.Digest.lookup_invalidate_of_ne' depends on axioms: [propext, Quot.sound]
'C1z.Digest.accurate_invalidate' depends on axioms: [propext, Quot.sound]
'C1z.Digest.repair_eq_build' depends on axioms: [propext, Quot.sound]
'C1z.Digest.accurate_invalidate_putGrants' depends on axioms: [propext, Classical.choice, Quot.sound]
'C1z.Digest.afterDelete_absent' depends on axioms: [propext, Quot.sound]
'C1z.Digest.accurate_afterDelete_present' depends on axioms: [propext, Classical.choice, Quot.sound]
'C1z.Views.list_point_agree' depends on axioms: [propext, Quot.sound]
'C1z.Views.stream_list_agree' depends on axioms: [propext, Quot.sound]
'C1z.Views.index_primary_agree' depends on axioms: [propext, Quot.sound]
'C1z.Views.views_agree' depends on axioms: [propext, Classical.choice, Quot.sound]
'C1z.Views.views_disagree_without_complete_index' depends on axioms: [propext, Quot.sound]
'C1z.Views.bulkResources_assoc' depends on axioms: [propext, Quot.sound]
'C1z.Views.bulkResources_sublist' depends on axioms: [propext]
'C1z.Views.mem_bulkResources_iff' depends on axioms: [propext, Quot.sound]
'C1z.Views.bulkResources_absence_unmarked' depends on axioms: [propext]
'C1z.Views.bulkEntitlements_none_of_ambiguous' depends on axioms: [propext, Quot.sound]
'C1z.Views.bulkEntitlements_some_unique' depends on axioms: [propext, Quot.sound]
'C1z.Container.open_seal' does not depend on any axioms
'C1z.Container.open_damage_error' does not depend on any axioms
'C1z.Container.open_damage_class' does not depend on any axioms
'C1z.Container.writeGate_publicOpen_finished' depends on axioms: [propext]
'C1z.Container.writeGate_publicOpen_readOnly' depends on axioms: [propext]
'C1z.Container.writeGate_publicOpen_readOnly_ne_allowed' depends on axioms: [propext]
'C1z.Container.writeGate_readOnly_unbound' depends on axioms: [propext]
'C1z.Container.publicOpen_unfinished_stale' depends on axioms: [propext]
'C1z.Store.erase_put_self' depends on axioms: [propext, Classical.choice, Quot.sound]
'C1z.Store.put_erase_self' depends on axioms: [propext, Classical.choice, Quot.sound]
'C1z.Store.putBatch_perm' depends on axioms: [propext, Classical.choice, Quot.sound]
'C1z.Paginate.traverse_resume' depends on axioms: [propext, Classical.choice, Quot.sound]
'C1z.Paginate.traverseWith_complete' depends on axioms: [propext, Classical.choice, Quot.sound]
'C1z.Stream.records_run_cancel' depends on axioms: [propext, Classical.choice, Quot.sound]
'C1z.Sync.endSync_resumeSync_endSync' depends on axioms: [propext]
'C1z.Sync.latestFinished_startNewSync' does not depend on any axioms
'C1z.IndexedGrants.keyed_putGrantsDeferred' depends on axioms: [propext, Quot.sound]
'C1z.IndexedGrants.endSyncRebuild_idempotent' does not depend on any axioms
'C1z.Digest.invalidate_idempotent' depends on axioms: [propext, Quot.sound]
'C1z.Digest.repair_idempotent' depends on axioms: [propext, Quot.sound]
'C1z.GrantLookup.ambiguous_of_two_candidates' depends on axioms: [propext, Quot.sound]
'C1z.Container.openArtifact_readOnly_state' does not depend on any axioms
